// Jest Snapshot v1, https://goo.gl/fbAQLP

exports[`renders correctly 1`] = `
<div
  className="sc-bczRLJ hXvkvx"
>
  <form
    onSubmit={[Function]}
  >
    <div
      className="image-container"
    >
      <img
        alt="profile avatar"
      />
    </div>
    <label
      htmlFor="profileimg"
    >
      Company Logo
      <input
        id="profileimg"
        onChange={[Function]}
        type="file"
      />
    </label>
    <button
      type="submit"
    >
      Update
    </button>
  </form>
</div>
`;
